// Jest Snapshot v1, https://goo.gl/fbAQLP

exports[`EcMetrolineCards should render as expected 1`] = `
<div
  class="ec-metroline-cards"
  data-test="ec-metroline-cards"
>
  <p>
    Lorem ipsum dolor sit amet, consectetur adipiscing elit.
  </p>
</div>
`;
