// Jest Snapshot v1, https://goo.gl/fbAQLP

exports[`EcSubmenu should render the submenu if slots are passed 1`] = `
<div
  class="ec-submenu"
>
  <div
    class="ec-submenu__header-container"
  >
    <ul
      class="ec-submenu__header"
      size="24"
    >
      <li
        class="ec-submenu__header-item ec-submenu__header-item--active"
      >
        <a
          class="ec-submenu__header-title"
          href="function String() { [native code] }"
        >
          
          Submitted Requests + (30)
        
        </a>
         
        <!---->
      </li>
      <li
        class="ec-submenu__header-item"
      >
        <!---->
         
        <router-link-stub
          class="ec-submenu__header-title"
          to="/submitted"
        >
          
          Repayments + (30)
        
        </router-link-stub>
      </li>
      <li
        class="ec-submenu__header-item"
      >
        <!---->
         
        <router-link-stub
          class="ec-submenu__header-title"
          to="/submitted"
        >
          
          Another Request + (30)
        
        </router-link-stub>
      </li>
    </ul>
  </div>
   
  <main
    class="ec-submenu__main"
  >
    <span
      name="ec-submenu__fade"
      tag="div"
    >
      <div
        class="fade-item isActive"
      >
        <p>
          Lorem ipsum dolor sit, amet consectetur adipisicing elit. Temporibus, tempora esse? Fugit minus consequatur harum culpa sed laborum nulla expedita molestias, quia cupiditate commodi repudiandae labore dolore dolor. Eum sapiente repellendus tempora tenetur accusantium, molestias hic adipisci aspernatur, sed possimus explicabo culpa quas laudantium? Quidem sunt totam maxime magni minus dignissimos eos libero nobis accusantium aspernatur qui inventore odio adipisci at dolorum consectetur velit ipsa quia assumenda porro, consequatur nisi mollitia deserunt. Iusto possimus debitis assumenda harum atque libero voluptates fugit quibusdam ipsa voluptatibus eligendi ex doloremque ducimus molestias natus adipisci, earum facere repudiandae sint nobis error maiores iste. Quam.
        </p>
      </div>
      <div
        class="fade-item"
        style="display: none;"
      >
        <p>
          Lorem ipsum dolor sit, amet consectetur adipisicing elit. Temporibus, tempora esse? Fugit minus consequatur harum culpa sed laborum nulla expedita molestias, quia cupiditate commodi repudiandae labore dolore dolor. Eum sapiente repellendus tempora tenetur accusantium, molestias hic adipisci aspernatur, sed possimus explicabo culpa quas laudantium? Quidem sunt totam maxime magni minus dignissimos eos libero nobis accusantium aspernatur qui inventore odio adipisci at dolorum consectetur velit ipsa quia assumenda porro, consequatur nisi mollitia deserunt. Iusto possimus debitis assumenda harum atque libero voluptates fugit quibusdam ipsa voluptatibus eligendi ex doloremque ducimus molestias natus adipisci, earum facere repudiandae sint nobis error maiores iste. Quam.
        </p>
      </div>
      <div
        class="fade-item"
        style="display: none;"
      >
        <p>
          Lorem ipsum dolor sit, amet consectetur adipisicing elit. Temporibus, tempora esse? Fugit minus consequatur harum culpa sed laborum nulla expedita molestias, quia cupiditate commodi repudiandae labore dolore dolor. Eum sapiente repellendus tempora tenetur accusantium, molestias hic adipisci aspernatur, sed possimus explicabo culpa quas laudantium? Quidem sunt totam maxime magni minus dignissimos eos libero nobis accusantium aspernatur qui inventore odio adipisci at dolorum consectetur velit ipsa quia assumenda porro, consequatur nisi mollitia deserunt. Iusto possimus debitis assumenda harum atque libero voluptates fugit quibusdam ipsa voluptatibus eligendi ex doloremque ducimus molestias natus adipisci, earum facere repudiandae sint nobis error maiores iste. Quam.
        </p>
      </div>
    </span>
  </main>
</div>
`;
