// Jest Snapshot v1, https://goo.gl/fbAQLP

exports[`EcWithSorting should render properly 1`] = `
<div
  defaultsortcycle=",asc,desc"
/>
`;
